navigation starting
navigation ready
ENTER ready
entered
ready for capture
shot 1 street-opening
shot 2 street-hero-facade
shot 3 street-medium-facade
shot 4 street-window
shot 5 street-doorway
shot 6 street-wet-asphalt
shot 7 street-kerb-gutter
shot 8 street-deep-alley
shot 11 plaza-in-000
shot 12 plaza-in-045
shot 13 plaza-in-090
shot 14 plaza-in-135
shot 15 plaza-in-180
shot 16 plaza-in-225
shot 17 plaza-in-270
shot 18 plaza-in-315
shot 19 plaza-out-000
shot 20 plaza-out-045
shot 21 plaza-out-090
shot 22 plaza-out-135
shot 23 plaza-out-180
shot 24 plaza-out-225
shot 25 plaza-out-270
shot 26 plaza-out-315
shot 27 plaza-far-ahead
shot 28 track-01
shot 29 track-02
shot 30 track-03
shot 31 track-04
