navigation starting
navigation ready
ENTER ready
entered
ready for capture
shot 124 wall-6-left-front
shot 125 wall-6-left-grazing
shot 126 wall-6-right-front
shot 127 wall-6-right-grazing
shot 128 wall-7-left-front
shot 129 wall-7-left-grazing
shot 130 wall-7-right-front
shot 131 wall-7-right-grazing
shot 140 alterco-blade-front
shot 141 alterco-blade-back
shot 142 tracks-and-roof-hints
shot 143 keyboard-front
shot 144 keyboard-side
shot 145 bio-headline-front
shot 146 bio-headline-grazing
shot 1 street-opening
shot 2 street-hero-facade
shot 3 street-medium-facade
shot 4 street-window
shot 5 street-doorway
shot 6 street-wet-asphalt
shot 7 street-kerb-gutter
shot 8 street-deep-alley
shot 11 plaza-in-000
shot 12 plaza-in-045
shot 13 plaza-in-090
shot 14 plaza-in-135
shot 15 plaza-in-180
shot 16 plaza-in-225
shot 17 plaza-in-270
shot 18 plaza-in-315
shot 19 plaza-out-000
shot 20 plaza-out-045
