PASS  lamp: cursor becomes LAMP on hover {"sx":533.9532989412778,"sy":294.656283246181,"behind":false}
PASS  lamp: click switches it off 
PASS  lamp: click again switches it on 
PASS  number 05 (fire-escape tag): resting the pointer on it registers it silently 
PASS  puddle: the impossible puddle answers (no toast) 
PASS  graffiti letters: hovering a hidden tag registers it 
hover aim {"name":"01 stencil on the utility box","aim":0,"projected":{"sx":909.0161964006563,"sy":392.503753745277,"behind":false},"after":{"sx":881.057157507028,"sy":389.8878801103564,"behind":false},"found":true}
PASS  number 01 stencil on the utility box {"sx":909.0161964006563,"sy":392.503753745277,"behind":false}
hover aim {"name":"03 number painted on the door","aim":0,"projected":{"sx":798.5865494461129,"sy":448.1769023943925,"behind":false},"after":{"sx":797.127127354675,"sy":442.18106698781963,"behind":false},"found":true}
PASS  number 03 number painted on the door {"sx":798.5865494461129,"sy":448.1769023943925,"behind":false}
PASS  numbers persist in localStorage 
PASS  anamorphic ALTERCO: aligning with the scroll camera registers it (no popup) 
PASS  credits poster: cursor is READ on hover {"sx":989.2677558753081,"sy":377.7417802108586,"behind":false}
PASS  credits poster: click opens the credits 
PASS  HOODDINO wordmark ×7 triggers the surprise 
glyph aim {"aim":0,"centre":[-2.9,1.2,-33.4],"point":{"sx":572.1813077926383,"sy":489.7997258297304,"behind":false},"after":{"sx":557.4674084832056,"sy":472.28378836288186,"behind":false},"shift":22.875902129329717,"cursor":"portal"}
glyph aim {"aim":1,"centre":[-2.9,1.2,-33.4],"point":{"sx":557.4674084832056,"sy":472.28378836288186,"behind":false},"after":{"sx":557.8660775992528,"sy":472.8248295901188,"behind":false},"shift":0.6720585343999659,"cursor":"portal"}
glyph aim {"aim":2,"centre":[-2.9,1.2,-33.4],"point":{"sx":557.8660775992528,"sy":472.8248295901188,"behind":false},"after":{"sx":557.8582863830372,"sy":472.78536334729756,"behind":false},"shift":0.04022794268342279,"cursor":"portal"}
PASS  grazing glyph: PORTAL cursor from far down the wall {"sx":557.8660775992528,"sy":472.8248295901188,"behind":false}
PASS  grazing glyph: click registers the egg 
PASS  portal poster: cursor becomes PORTAL {"sx":520.3618493650454,"sy":365.7991763244529,"behind":false}
PASS  portal poster: click pulls the camera into DUALISMO 
PASS  DUALISMO is remembered (nav unlocks) 
PASS  return rift: hover shows RETURN {"sx":171.3966030259408,"sy":652.5412741602088,"behind":false}
PASS  return rift: click goes back to ALTERCO 
PASS  the street remembers (dualReturned + persisted) 
no console errors
21 passed, 0 failed
