ready for capture
shot 1 street-opening
shot 2 street-hero-facade
shot 3 street-medium-facade
shot 4 street-window
shot 5 street-doorway
shot 6 street-wet-asphalt
shot 7 street-kerb-gutter
shot 8 street-deep-alley
shot 9 plaza-entrance
shot 10 plaza-front
shot 11 plaza-in-000
shot 12 plaza-in-045
shot 13 plaza-in-090
shot 14 plaza-in-135
shot 15 plaza-in-180
shot 16 plaza-in-225
shot 17 plaza-in-270
shot 18 plaza-in-315
shot 19 plaza-out-000
shot 20 plaza-out-045
shot 21 plaza-out-090
shot 22 plaza-out-135
shot 23 plaza-out-180
shot 24 plaza-out-225
shot 25 plaza-out-270
shot 26 plaza-out-315
shot 27 plaza-far-ahead
shot 28 track-01
shot 29 track-02
shot 30 track-03
shot 31 track-04
shot 32 track-05
shot 33 track-06
shot 34 track-07
shot 35 roof-wide
shot 36 roof-hero
shot 37 skyline
shot 38 room-01-exterior
shot 39 room-02-threshold
shot 40 room-03-entry
shot 41 room-04-workstation-wide
shot 42 room-05-workstation-medium
shot 43 room-06-workstation-close
shot 44 room-07-monitor
shot 45 room-08-video
shot 46 room-09-speaker
shot 47 room-10-acoustic
shot 48 room-11-desk-floor
shot 49 room-12-cables
shot 50 room-13-bio
shot 51 room-14-photo-wall
shot 52 room-15-side-wall
shot 53 room-16-rear-wall
shot 54 room-17-ceiling
shot 55 room-18-floor
shot 56 room-19-dark-corner
shot 57 room-20-exit-view
shot 58 dualism-entry
shot 59 dualism-wide
shot 60 dualism-chirone
shot 61 dualism-messaggio
no console errors/warnings
