PASS  [mouse] number 01 utility box {"sx":875.9631383034148,"sy":382.26463866437626,"behind":false}
PASS  [mouse] number 02 drainpipe {"sx":511.58479714362846,"sy":615.7271497489504,"behind":false}
PASS  [mouse] number 03 door {"sx":803.259082072363,"sy":436.351677158174,"behind":false}
PASS  [mouse] number 04 torn poster {"sx":495.09190860016633,"sy":488.9577168781202,"behind":false}
PASS  [mouse] number 05 fire escape {"sx":956.3821936675449,"sy":166.63897220841983,"behind":false}
PASS  [mouse] number 07 water {"sx":474.69420570873496,"sy":461.4634915840304,"behind":false}
PASS  [mouse] no toast / counter after finding numbers 
PASS  [mouse] grazing-angle glyph egg still registers {"sx":556.5549302314365,"sy":472.86620828413265,"behind":false}
PASS  7/7 reached 
PASS  numbers persist after refresh 
PASS  debug reset clears everything 
PASS  [touch] number 01 utility box {"sx":772.4510306100703,"sy":628.3656406434675,"behind":false}
PASS  [touch] number 02 drainpipe {"sx":201.37658275652834,"sy":1009.1560478557677,"behind":false}
PASS  [touch] number 03 door {"sx":677.6826708059175,"sy":729.5147024531793,"behind":false}
PASS  [touch] number 04 torn poster {"sx":170.74662683839054,"sy":809.1233783858011,"behind":false}
PASS  [touch] number 05 fire escape {"sx":781.5359409079404,"sy":569.0899012731355,"behind":false}
PASS  [touch] number 07 water {"sx":137.7652122793434,"sy":756.2985633318364,"behind":false}
PASS  [touch] no toast / counter after finding numbers 
no console errors
18 passed, 0 failed
