navigation starting
navigation ready
ENTER ready
entered
ready for capture
shot 156 one-way-front
shot 157 one-way-grazing
shot 124 wall-6-left-front
shot 125 wall-6-left-grazing
shot 126 wall-6-right-front
shot 127 wall-6-right-grazing
shot 128 wall-7-left-front
shot 129 wall-7-left-grazing
shot 130 wall-7-right-front
shot 131 wall-7-right-grazing
shot 140 alterco-blade-front
shot 141 alterco-blade-back
shot 142 tracks-and-roof-hints
shot 143 keyboard-front
shot 144 keyboard-side
shot 145 bio-headline-front
shot 146 bio-headline-grazing
shot 1 street-opening
shot 2 street-hero-facade
shot 3 street-medium-facade
shot 4 street-window
shot 5 street-doorway
shot 6 street-wet-asphalt
shot 7 street-kerb-gutter
shot 8 street-deep-alley
shot 11 plaza-in-000
shot 12 plaza-in-045
shot 13 plaza-in-090
shot 14 plaza-in-135
shot 15 plaza-in-180
shot 16 plaza-in-225
shot 17 plaza-in-270
shot 18 plaza-in-315
shot 19 plaza-out-000
shot 20 plaza-out-045
shot 21 plaza-out-090
shot 22 plaza-out-135
shot 23 plaza-out-180
shot 24 plaza-out-225
shot 25 plaza-out-270
shot 26 plaza-out-315
shot 27 plaza-far-ahead
shot 28 track-01
shot 29 track-02
shot 30 track-03
shot 31 track-04
shot 32 track-05
shot 33 track-06
shot 34 track-07
shot 35 roof-wide
shot 36 roof-hero
shot 37 skyline
shot 41 room-04-workstation-wide
shot 42 room-05-workstation-medium
shot 50 room-13-bio
shot 56 room-19-dark-corner
shot 100 wall-0-left-front
shot 101 wall-0-left-grazing
shot 102 wall-0-right-front
shot 103 wall-0-right-grazing
shot 104 wall-1-left-front
shot 105 wall-1-left-grazing
shot 106 wall-1-right-front
shot 107 wall-1-right-grazing
shot 108 wall-2-left-front
shot 109 wall-2-left-grazing
shot 110 wall-2-right-front
shot 111 wall-2-right-grazing
shot 112 wall-3-left-front
shot 113 wall-3-left-grazing
shot 114 wall-3-right-front
shot 115 wall-3-right-grazing
shot 116 wall-4-left-front
shot 117 wall-4-left-grazing
shot 118 wall-4-right-front
shot 119 wall-4-right-grazing
shot 120 wall-5-left-front
shot 121 wall-5-left-grazing
shot 122 wall-5-right-front
shot 123 wall-5-right-grazing
shot 147 roof-bulkhead-front
shot 148 roof-bulkhead-grazing
shot 149 roof-parapet
shot 150 room-right-tags
shot 151 room-left-tags
shot 152 room-front-paper
shot 153 letter-2-support
shot 154 letter-3-support
shot 155 letter-5-support
no console errors/warnings
