New production build: 7NWIeH6541ScDMOsC3YmA
START after
New production build: 7NWIeH6541ScDMOsC3YmA
START after
New production build: Qqk0o4NU2poidXAetSTH2
START after
New production build: pkdEcF5vnpnNweBM2EVGO
START after
New production build: 7af_y4Q7_TII4cHtQPTwH
START after
PASS after 0
START before-oneway
PASS before-oneway 0
START before-room
PASS before-room 0
START after-room
PASS after-room 0
START no-post
PASS no-post 0
START after-high
PASS after-high 0
START picking
PASS picking 0
START e2e
PASS e2e 0
START ROOM-desktop
PASS ROOM-desktop 0
START eggs
RESUME unchanged production build: 7af_y4Q7_TII4cHtQPTwH 2026-10-10T13:13:39.861Z
START eggs
PASS eggs 0
START secrets
PASS secrets 0
START tracks
PASS tracks 0
