PASS  [mouse] number 01 utility box {"sx":875.9543656603297,"sy":382.90282127418783,"behind":false}
PASS  [mouse] number 02 drainpipe {"sx":511.58063385047654,"sy":615.4933179389533,"behind":false}
PASS  [mouse] number 03 door {"sx":802.9664613363649,"sy":436.59707570438246,"behind":false}
PASS  [mouse] number 04 torn poster {"sx":495.1234860237555,"sy":488.874570728202,"behind":false}
PASS  [mouse] number 05 fire escape {"sx":956.3702522406358,"sy":166.65345679071743,"behind":false}
PASS  [mouse] number 07 water {"sx":474.7137109131954,"sy":461.4511434070227,"behind":false}
PASS  [mouse] no toast / counter after finding numbers 
PASS  [mouse] grazing-angle glyph egg still registers {"sx":556.5540860156095,"sy":472.85934840963336,"behind":false}
PASS  7/7 reached 
PASS  numbers persist after refresh 
PASS  debug reset clears everything 
PASS  [touch] number 01 utility box {"sx":772.4529196050744,"sy":628.3592110288864,"behind":false}
PASS  [touch] number 02 drainpipe {"sx":201.38602474800172,"sy":1009.1905611939037,"behind":false}
PASS  [touch] number 03 door {"sx":677.6811522764931,"sy":729.5216674497302,"behind":false}
PASS  [touch] number 04 torn poster {"sx":170.6638783848495,"sy":809.1795392201337,"behind":false}
PASS  [touch] number 05 fire escape {"sx":781.7338847266343,"sy":568.3157983345235,"behind":false}
PASS  [touch] number 07 water {"sx":137.68314916481282,"sy":756.3501574546447,"behind":false}
PASS  [touch] no toast / counter after finding numbers 
no console errors
18 passed, 0 failed
