
> sito-hood@1.0.0 build
> next build

▲ Next.js 16.3.8 (Turbopack)
✓ Running next.config.ts took 77ms
Attention: Next.js now collects completely anonymous telemetry regarding usage.
This information is used to shape Next.js' roadmap and prioritize features.
You can learn more, including how to opt-out if you'd not like to participate in this anonymous program, by visiting the following URL:
https://nextjs.org/telemetry


  Creating an optimized production build ...
✓ Compiled successfully in 1253ms
  Running TypeScript ...
  Finished TypeScript in 1207ms ...
  Collecting page data using 2 workers ...
  Generating static pages using 2 workers (0/3) ...
✓ Generating static pages using 2 workers (3/3) in 155ms
  Finalizing page optimization ...

Route (app)
┌ ○ /
└ ○ /_not-found


○  (Static)  prerendered as static content
