ready for capture
shot 1 street-opening
shot 2 street-hero-facade
shot 4 street-window
shot 6 street-wet-asphalt
shot 8 street-deep-alley
shot 10 plaza-front
shot 23 plaza-out-180
shot 27 plaza-far-ahead
shot 35 roof-wide
shot 37 skyline
shot 41 room-04-workstation-wide
shot 43 room-06-workstation-close
shot 46 room-09-speaker
shot 48 room-11-desk-floor
shot 54 room-17-ceiling
shot 55 room-18-floor
shot 56 room-19-dark-corner
shot 57 room-20-exit-view
shot 59 dualism-wide
no console errors/warnings
